error: Unknown literal value `no`
 --> tests/trybuild/deny-parse-fail.rs:4:31
  |
4 | #[multipart(duplicate_field = "no")]
  |                               ^^^^
